iProteinStudio 0.2.0 (39) unsigned beta
Source: e28c937477da834f8ddcdb1f03ed2cbfbb8aa265 (clean)
==> swift build -c release
Building for production...
[1 / 3]
Build complete! (0.27 sec)
==> assembling build/iProteinStudio.app
build/iProteinStudio.app: replacing existing signature
   ad-hoc signed trusted beta (Sparkle updates require an EdDSA-signed archive)
--prepared:/Users/thomasfryer/iProteinStudio/build/iProteinStudio.app/Contents/Frameworks/Sparkle.framework/Versions/Current/.
--prepared:/Users/thomasfryer/iProteinStudio/build/iProteinStudio.app/Contents/Frameworks/Sparkle.framework/Versions/Current/Autoupdate
--validated:/Users/thomasfryer/iProteinStudio/build/iProteinStudio.app/Contents/Frameworks/Sparkle.framework/Versions/Current/Autoupdate
--prepared:/Users/thomasfryer/iProteinStudio/build/iProteinStudio.app/Contents/Frameworks/Sparkle.framework/Versions/Current/Updater.app
--prepared:/Users/thomasfryer/iProteinStudio/build/iProteinStudio.app/Contents/Frameworks/Sparkle.framework/Versions/Current/XPCServices/Downloader.xpc
--prepared:/Users/thomasfryer/iProteinStudio/build/iProteinStudio.app/Contents/Frameworks/Sparkle.framework/Versions/Current/XPCServices/Installer.xpc
--validated:/Users/thomasfryer/iProteinStudio/build/iProteinStudio.app/Contents/Frameworks/Sparkle.framework/Versions/Current/Updater.app
--validated:/Users/thomasfryer/iProteinStudio/build/iProteinStudio.app/Contents/Frameworks/Sparkle.framework/Versions/Current/XPCServices/Downloader.xpc
--validated:/Users/thomasfryer/iProteinStudio/build/iProteinStudio.app/Contents/Frameworks/Sparkle.framework/Versions/Current/XPCServices/Installer.xpc
--validated:/Users/thomasfryer/iProteinStudio/build/iProteinStudio.app/Contents/Frameworks/Sparkle.framework/Versions/Current/.
build/iProteinStudio.app: valid on disk
build/iProteinStudio.app: satisfies its Designated Requirement
✅ Built build/iProteinStudio.app
   Version: 0.2.0 (39)
   Launch with:  open "build/iProteinStudio.app"
--prepared:/Users/thomasfryer/iProteinStudio/build/iProteinStudio.app/Contents/Frameworks/Sparkle.framework/Versions/Current/.
--prepared:/Users/thomasfryer/iProteinStudio/build/iProteinStudio.app/Contents/Frameworks/Sparkle.framework/Versions/Current/Autoupdate
--validated:/Users/thomasfryer/iProteinStudio/build/iProteinStudio.app/Contents/Frameworks/Sparkle.framework/Versions/Current/Autoupdate
--prepared:/Users/thomasfryer/iProteinStudio/build/iProteinStudio.app/Contents/Frameworks/Sparkle.framework/Versions/Current/Updater.app
--validated:/Users/thomasfryer/iProteinStudio/build/iProteinStudio.app/Contents/Frameworks/Sparkle.framework/Versions/Current/Updater.app
--prepared:/Users/thomasfryer/iProteinStudio/build/iProteinStudio.app/Contents/Frameworks/Sparkle.framework/Versions/Current/XPCServices/Downloader.xpc
--prepared:/Users/thomasfryer/iProteinStudio/build/iProteinStudio.app/Contents/Frameworks/Sparkle.framework/Versions/Current/XPCServices/Installer.xpc
--validated:/Users/thomasfryer/iProteinStudio/build/iProteinStudio.app/Contents/Frameworks/Sparkle.framework/Versions/Current/XPCServices/Installer.xpc
--validated:/Users/thomasfryer/iProteinStudio/build/iProteinStudio.app/Contents/Frameworks/Sparkle.framework/Versions/Current/XPCServices/Downloader.xpc
--validated:/Users/thomasfryer/iProteinStudio/build/iProteinStudio.app/Contents/Frameworks/Sparkle.framework/Versions/Current/.
build/iProteinStudio.app: valid on disk
build/iProteinStudio.app: satisfies its Designated Requirement
PASS packaged SwiftPM resource bundle contract
Wrote 1 new update, updated 0 existing updates, and removed 0 old updates in appcast.xml
Unsigned beta artifacts are ready in build/unsigned-beta-0.2.0-39
The beta appcast contains a Sparkle EdDSA archive signature.
Installation instructions: docs/INSTALL_UNSIGNED_BETA.md
Everything up-to-date
[main 37736af] Publish iProteinStudio 0.2.0 trusted beta update feed
 1 file changed, 221 insertions(+)
To https://github.com/t-j-fryer/iProteinStudio.git
   f6ca410..37736af  main -> main
Published v0.2.0-beta; trusted-beta appcast is live on main.
