Environment variable PDB_MIRROR_PATH not set. Will not be able to use function requiring this variable. To set it you may:
  (1) add the line 'export VAR_NAME=path/to/variable' to your .bashrc or .zshrc file
  (2) set it in your current shell with 'export VAR_NAME=path/to/variable'
  (3) write it to a .env file in the root of the atomworks.io repository
WARNING:atomworks.io:We can't fix formal charges without building from templates, as we need to know the true number of hydrogens bonded to a given atom, not the inferred number. This may lead to occasional inaccuracies after adding inter-residue bonds. To avoid this and fix formal charges, set `add_missing_atoms = True`.
WARNING:atomworks.io:We can't fix formal charges without building from templates, as we need to know the true number of hydrogens bonded to a given atom, not the inferred number. This may lead to occasional inaccuracies after adding inter-residue bonds. To avoid this and fix formal charges, set `add_missing_atoms = True`.
INFO:rfd3.utils.inference:[rank: 0] No ori_token or infer_ori_strategy provided. Setting origin as COM of fixed motif ([ 29.588875  -16.009916   -3.9785779]).
WARNING:atomworks.io:The `extra_fields` argument will be ignored if there is no CIF file input.
WARNING:atomworks.ml:Cached data not found for ALA at /net/tukwila/ncorley/datahub/MACE-OFF23_medium/A/ALA/ALA.pt
WARNING:atomworks.ml:Cached data not found for ARG at /net/tukwila/ncorley/datahub/MACE-OFF23_medium/A/ARG/ARG.pt
WARNING:atomworks.ml:Cached data not found for ASN at /net/tukwila/ncorley/datahub/MACE-OFF23_medium/A/ASN/ASN.pt
WARNING:atomworks.ml:Cached data not found for ASP at /net/tukwila/ncorley/datahub/MACE-OFF23_medium/A/ASP/ASP.pt
WARNING:atomworks.ml:Cached data not found for CYS at /net/tukwila/ncorley/datahub/MACE-OFF23_medium/C/CYS/CYS.pt
WARNING:atomworks.ml:Cached data not found for GLN at /net/tukwila/ncorley/datahub/MACE-OFF23_medium/G/GLN/GLN.pt
WARNING:atomworks.ml:Cached data not found for GLU at /net/tukwila/ncorley/datahub/MACE-OFF23_medium/G/GLU/GLU.pt
WARNING:atomworks.ml:Cached data not found for GLY at /net/tukwila/ncorley/datahub/MACE-OFF23_medium/G/GLY/GLY.pt
WARNING:atomworks.ml:Cached data not found for HIS at /net/tukwila/ncorley/datahub/MACE-OFF23_medium/H/HIS/HIS.pt
WARNING:atomworks.ml:Cached data not found for ILE at /net/tukwila/ncorley/datahub/MACE-OFF23_medium/I/ILE/ILE.pt
WARNING:atomworks.ml:Cached data not found for LEU at /net/tukwila/ncorley/datahub/MACE-OFF23_medium/L/LEU/LEU.pt
WARNING:atomworks.ml:Cached data not found for LYS at /net/tukwila/ncorley/datahub/MACE-OFF23_medium/L/LYS/LYS.pt
WARNING:atomworks.ml:Cached data not found for MET at /net/tukwila/ncorley/datahub/MACE-OFF23_medium/M/MET/MET.pt
WARNING:atomworks.ml:Cached data not found for PHE at /net/tukwila/ncorley/datahub/MACE-OFF23_medium/P/PHE/PHE.pt
WARNING:atomworks.ml:Cached data not found for PRO at /net/tukwila/ncorley/datahub/MACE-OFF23_medium/P/PRO/PRO.pt
WARNING:atomworks.ml:Cached data not found for SER at /net/tukwila/ncorley/datahub/MACE-OFF23_medium/S/SER/SER.pt
WARNING:atomworks.ml:Cached data not found for THR at /net/tukwila/ncorley/datahub/MACE-OFF23_medium/T/THR/THR.pt
WARNING:atomworks.ml:Cached data not found for TRP at /net/tukwila/ncorley/datahub/MACE-OFF23_medium/T/TRP/TRP.pt
WARNING:atomworks.ml:Cached data not found for TYR at /net/tukwila/ncorley/datahub/MACE-OFF23_medium/T/TYR/TYR.pt
WARNING:atomworks.ml:Cached data not found for VAL at /net/tukwila/ncorley/datahub/MACE-OFF23_medium/V/VAL/VAL.pt
WARNING:atomworks.io:We can't fix formal charges without building from templates, as we need to know the true number of hydrogens bonded to a given atom, not the inferred number. This may lead to occasional inaccuracies after adding inter-residue bonds. To avoid this and fix formal charges, set `add_missing_atoms = True`.
INFO:rfd3.utils.inference:[rank: 0] No ori_token or infer_ori_strategy provided. Setting origin as COM of fixed motif ([ 329.589    -196.00993   116.021416]).
WARNING:atomworks.io:The `extra_fields` argument will be ignored if there is no CIF file input.
WARNING:atomworks.ml:Cached data not found for ALA at /net/tukwila/ncorley/datahub/MACE-OFF23_medium/A/ALA/ALA.pt
WARNING:atomworks.ml:Cached data not found for ARG at /net/tukwila/ncorley/datahub/MACE-OFF23_medium/A/ARG/ARG.pt
WARNING:atomworks.ml:Cached data not found for ASN at /net/tukwila/ncorley/datahub/MACE-OFF23_medium/A/ASN/ASN.pt
WARNING:atomworks.ml:Cached data not found for ASP at /net/tukwila/ncorley/datahub/MACE-OFF23_medium/A/ASP/ASP.pt
WARNING:atomworks.ml:Cached data not found for CYS at /net/tukwila/ncorley/datahub/MACE-OFF23_medium/C/CYS/CYS.pt
WARNING:atomworks.ml:Cached data not found for GLN at /net/tukwila/ncorley/datahub/MACE-OFF23_medium/G/GLN/GLN.pt
WARNING:atomworks.ml:Cached data not found for GLU at /net/tukwila/ncorley/datahub/MACE-OFF23_medium/G/GLU/GLU.pt
WARNING:atomworks.ml:Cached data not found for GLY at /net/tukwila/ncorley/datahub/MACE-OFF23_medium/G/GLY/GLY.pt
WARNING:atomworks.ml:Cached data not found for HIS at /net/tukwila/ncorley/datahub/MACE-OFF23_medium/H/HIS/HIS.pt
WARNING:atomworks.ml:Cached data not found for ILE at /net/tukwila/ncorley/datahub/MACE-OFF23_medium/I/ILE/ILE.pt
WARNING:atomworks.ml:Cached data not found for LEU at /net/tukwila/ncorley/datahub/MACE-OFF23_medium/L/LEU/LEU.pt
WARNING:atomworks.ml:Cached data not found for LYS at /net/tukwila/ncorley/datahub/MACE-OFF23_medium/L/LYS/LYS.pt
WARNING:atomworks.ml:Cached data not found for MET at /net/tukwila/ncorley/datahub/MACE-OFF23_medium/M/MET/MET.pt
WARNING:atomworks.ml:Cached data not found for PHE at /net/tukwila/ncorley/datahub/MACE-OFF23_medium/P/PHE/PHE.pt
WARNING:atomworks.ml:Cached data not found for PRO at /net/tukwila/ncorley/datahub/MACE-OFF23_medium/P/PRO/PRO.pt
WARNING:atomworks.ml:Cached data not found for SER at /net/tukwila/ncorley/datahub/MACE-OFF23_medium/S/SER/SER.pt
WARNING:atomworks.ml:Cached data not found for THR at /net/tukwila/ncorley/datahub/MACE-OFF23_medium/T/THR/THR.pt
WARNING:atomworks.ml:Cached data not found for TRP at /net/tukwila/ncorley/datahub/MACE-OFF23_medium/T/TRP/TRP.pt
WARNING:atomworks.ml:Cached data not found for TYR at /net/tukwila/ncorley/datahub/MACE-OFF23_medium/T/TYR/TYR.pt
WARNING:atomworks.ml:Cached data not found for VAL at /net/tukwila/ncorley/datahub/MACE-OFF23_medium/V/VAL/VAL.pt
WARNING:atomworks.io:We can't fix formal charges without building from templates, as we need to know the true number of hydrogens bonded to a given atom, not the inferred number. This may lead to occasional inaccuracies after adding inter-residue bonds. To avoid this and fix formal charges, set `add_missing_atoms = True`.
INFO:rfd3.utils.inference:[rank: 0] Inferred origin using strategy 'com'. Setting origin as [12.564206  -6.798227  -1.6894076].
WARNING:atomworks.io:The `extra_fields` argument will be ignored if there is no CIF file input.
WARNING:atomworks.ml:Cached data not found for ALA at /net/tukwila/ncorley/datahub/MACE-OFF23_medium/A/ALA/ALA.pt
WARNING:atomworks.ml:Cached data not found for ARG at /net/tukwila/ncorley/datahub/MACE-OFF23_medium/A/ARG/ARG.pt
WARNING:atomworks.ml:Cached data not found for ASN at /net/tukwila/ncorley/datahub/MACE-OFF23_medium/A/ASN/ASN.pt
WARNING:atomworks.ml:Cached data not found for ASP at /net/tukwila/ncorley/datahub/MACE-OFF23_medium/A/ASP/ASP.pt
WARNING:atomworks.ml:Cached data not found for CYS at /net/tukwila/ncorley/datahub/MACE-OFF23_medium/C/CYS/CYS.pt
WARNING:atomworks.ml:Cached data not found for GLN at /net/tukwila/ncorley/datahub/MACE-OFF23_medium/G/GLN/GLN.pt
WARNING:atomworks.ml:Cached data not found for GLU at /net/tukwila/ncorley/datahub/MACE-OFF23_medium/G/GLU/GLU.pt
WARNING:atomworks.ml:Cached data not found for GLY at /net/tukwila/ncorley/datahub/MACE-OFF23_medium/G/GLY/GLY.pt
WARNING:atomworks.ml:Cached data not found for HIS at /net/tukwila/ncorley/datahub/MACE-OFF23_medium/H/HIS/HIS.pt
WARNING:atomworks.ml:Cached data not found for ILE at /net/tukwila/ncorley/datahub/MACE-OFF23_medium/I/ILE/ILE.pt
WARNING:atomworks.ml:Cached data not found for LEU at /net/tukwila/ncorley/datahub/MACE-OFF23_medium/L/LEU/LEU.pt
WARNING:atomworks.ml:Cached data not found for LYS at /net/tukwila/ncorley/datahub/MACE-OFF23_medium/L/LYS/LYS.pt
WARNING:atomworks.ml:Cached data not found for MET at /net/tukwila/ncorley/datahub/MACE-OFF23_medium/M/MET/MET.pt
WARNING:atomworks.ml:Cached data not found for PHE at /net/tukwila/ncorley/datahub/MACE-OFF23_medium/P/PHE/PHE.pt
WARNING:atomworks.ml:Cached data not found for PRO at /net/tukwila/ncorley/datahub/MACE-OFF23_medium/P/PRO/PRO.pt
WARNING:atomworks.ml:Cached data not found for SER at /net/tukwila/ncorley/datahub/MACE-OFF23_medium/S/SER/SER.pt
WARNING:atomworks.ml:Cached data not found for THR at /net/tukwila/ncorley/datahub/MACE-OFF23_medium/T/THR/THR.pt
WARNING:atomworks.ml:Cached data not found for TRP at /net/tukwila/ncorley/datahub/MACE-OFF23_medium/T/TRP/TRP.pt
WARNING:atomworks.ml:Cached data not found for TYR at /net/tukwila/ncorley/datahub/MACE-OFF23_medium/T/TYR/TYR.pt
WARNING:atomworks.ml:Cached data not found for VAL at /net/tukwila/ncorley/datahub/MACE-OFF23_medium/V/VAL/VAL.pt
WARNING:atomworks.io:We can't fix formal charges without building from templates, as we need to know the true number of hydrogens bonded to a given atom, not the inferred number. This may lead to occasional inaccuracies after adding inter-residue bonds. To avoid this and fix formal charges, set `add_missing_atoms = True`.
INFO:rfd3.utils.inference:[rank: 0] Inferred origin using strategy 'com'. Setting origin as [139.95206 -83.23091  49.26571].
WARNING:atomworks.io:The `extra_fields` argument will be ignored if there is no CIF file input.
WARNING:atomworks.ml:Cached data not found for ALA at /net/tukwila/ncorley/datahub/MACE-OFF23_medium/A/ALA/ALA.pt
WARNING:atomworks.ml:Cached data not found for ARG at /net/tukwila/ncorley/datahub/MACE-OFF23_medium/A/ARG/ARG.pt
WARNING:atomworks.ml:Cached data not found for ASN at /net/tukwila/ncorley/datahub/MACE-OFF23_medium/A/ASN/ASN.pt
WARNING:atomworks.ml:Cached data not found for ASP at /net/tukwila/ncorley/datahub/MACE-OFF23_medium/A/ASP/ASP.pt
WARNING:atomworks.ml:Cached data not found for CYS at /net/tukwila/ncorley/datahub/MACE-OFF23_medium/C/CYS/CYS.pt
WARNING:atomworks.ml:Cached data not found for GLN at /net/tukwila/ncorley/datahub/MACE-OFF23_medium/G/GLN/GLN.pt
WARNING:atomworks.ml:Cached data not found for GLU at /net/tukwila/ncorley/datahub/MACE-OFF23_medium/G/GLU/GLU.pt
WARNING:atomworks.ml:Cached data not found for GLY at /net/tukwila/ncorley/datahub/MACE-OFF23_medium/G/GLY/GLY.pt
WARNING:atomworks.ml:Cached data not found for HIS at /net/tukwila/ncorley/datahub/MACE-OFF23_medium/H/HIS/HIS.pt
WARNING:atomworks.ml:Cached data not found for ILE at /net/tukwila/ncorley/datahub/MACE-OFF23_medium/I/ILE/ILE.pt
WARNING:atomworks.ml:Cached data not found for LEU at /net/tukwila/ncorley/datahub/MACE-OFF23_medium/L/LEU/LEU.pt
WARNING:atomworks.ml:Cached data not found for LYS at /net/tukwila/ncorley/datahub/MACE-OFF23_medium/L/LYS/LYS.pt
WARNING:atomworks.ml:Cached data not found for MET at /net/tukwila/ncorley/datahub/MACE-OFF23_medium/M/MET/MET.pt
WARNING:atomworks.ml:Cached data not found for PHE at /net/tukwila/ncorley/datahub/MACE-OFF23_medium/P/PHE/PHE.pt
WARNING:atomworks.ml:Cached data not found for PRO at /net/tukwila/ncorley/datahub/MACE-OFF23_medium/P/PRO/PRO.pt
WARNING:atomworks.ml:Cached data not found for SER at /net/tukwila/ncorley/datahub/MACE-OFF23_medium/S/SER/SER.pt
WARNING:atomworks.ml:Cached data not found for THR at /net/tukwila/ncorley/datahub/MACE-OFF23_medium/T/THR/THR.pt
WARNING:atomworks.ml:Cached data not found for TRP at /net/tukwila/ncorley/datahub/MACE-OFF23_medium/T/TRP/TRP.pt
WARNING:atomworks.ml:Cached data not found for TYR at /net/tukwila/ncorley/datahub/MACE-OFF23_medium/T/TYR/TYR.pt
WARNING:atomworks.ml:Cached data not found for VAL at /net/tukwila/ncorley/datahub/MACE-OFF23_medium/V/VAL/VAL.pt
WARNING:atomworks.io:We can't fix formal charges without building from templates, as we need to know the true number of hydrogens bonded to a given atom, not the inferred number. This may lead to occasional inaccuracies after adding inter-residue bonds. To avoid this and fix formal charges, set `add_missing_atoms = True`.
WARNING:atomworks.io:We can't fix formal charges without building from templates, as we need to know the true number of hydrogens bonded to a given atom, not the inferred number. This may lead to occasional inaccuracies after adding inter-residue bonds. To avoid this and fix formal charges, set `add_missing_atoms = True`.
INFO:rfd3.utils.inference:[rank: 0] Received ori_token argument. Setting origin as [ 28.361443 -22.244778  -6.511222].
WARNING:atomworks.io:The `extra_fields` argument will be ignored if there is no CIF file input.
WARNING:atomworks.ml:Cached data not found for ALA at /net/tukwila/ncorley/datahub/MACE-OFF23_medium/A/ALA/ALA.pt
WARNING:atomworks.ml:Cached data not found for ARG at /net/tukwila/ncorley/datahub/MACE-OFF23_medium/A/ARG/ARG.pt
WARNING:atomworks.ml:Cached data not found for ASN at /net/tukwila/ncorley/datahub/MACE-OFF23_medium/A/ASN/ASN.pt
WARNING:atomworks.ml:Cached data not found for ASP at /net/tukwila/ncorley/datahub/MACE-OFF23_medium/A/ASP/ASP.pt
WARNING:atomworks.ml:Cached data not found for CYS at /net/tukwila/ncorley/datahub/MACE-OFF23_medium/C/CYS/CYS.pt
WARNING:atomworks.ml:Cached data not found for GLN at /net/tukwila/ncorley/datahub/MACE-OFF23_medium/G/GLN/GLN.pt
WARNING:atomworks.ml:Cached data not found for GLU at /net/tukwila/ncorley/datahub/MACE-OFF23_medium/G/GLU/GLU.pt
WARNING:atomworks.ml:Cached data not found for GLY at /net/tukwila/ncorley/datahub/MACE-OFF23_medium/G/GLY/GLY.pt
WARNING:atomworks.ml:Cached data not found for HIS at /net/tukwila/ncorley/datahub/MACE-OFF23_medium/H/HIS/HIS.pt
WARNING:atomworks.ml:Cached data not found for ILE at /net/tukwila/ncorley/datahub/MACE-OFF23_medium/I/ILE/ILE.pt
WARNING:atomworks.ml:Cached data not found for LEU at /net/tukwila/ncorley/datahub/MACE-OFF23_medium/L/LEU/LEU.pt
WARNING:atomworks.ml:Cached data not found for LYS at /net/tukwila/ncorley/datahub/MACE-OFF23_medium/L/LYS/LYS.pt
WARNING:atomworks.ml:Cached data not found for MET at /net/tukwila/ncorley/datahub/MACE-OFF23_medium/M/MET/MET.pt
WARNING:atomworks.ml:Cached data not found for PHE at /net/tukwila/ncorley/datahub/MACE-OFF23_medium/P/PHE/PHE.pt
WARNING:atomworks.ml:Cached data not found for PRO at /net/tukwila/ncorley/datahub/MACE-OFF23_medium/P/PRO/PRO.pt
WARNING:atomworks.ml:Cached data not found for SER at /net/tukwila/ncorley/datahub/MACE-OFF23_medium/S/SER/SER.pt
WARNING:atomworks.ml:Cached data not found for THR at /net/tukwila/ncorley/datahub/MACE-OFF23_medium/T/THR/THR.pt
WARNING:atomworks.ml:Cached data not found for TRP at /net/tukwila/ncorley/datahub/MACE-OFF23_medium/T/TRP/TRP.pt
WARNING:atomworks.ml:Cached data not found for TYR at /net/tukwila/ncorley/datahub/MACE-OFF23_medium/T/TYR/TYR.pt
WARNING:atomworks.ml:Cached data not found for VAL at /net/tukwila/ncorley/datahub/MACE-OFF23_medium/V/VAL/VAL.pt
WARNING:atomworks.io:We can't fix formal charges without building from templates, as we need to know the true number of hydrogens bonded to a given atom, not the inferred number. This may lead to occasional inaccuracies after adding inter-residue bonds. To avoid this and fix formal charges, set `add_missing_atoms = True`.
WARNING:atomworks.io:We can't fix formal charges without building from templates, as we need to know the true number of hydrogens bonded to a given atom, not the inferred number. This may lead to occasional inaccuracies after adding inter-residue bonds. To avoid this and fix formal charges, set `add_missing_atoms = True`.
INFO:rfd3.utils.inference:[rank: 0] Received ori_token argument. Setting origin as [ 328.36145 -202.24478  113.48877].
WARNING:atomworks.io:The `extra_fields` argument will be ignored if there is no CIF file input.
WARNING:atomworks.ml:Cached data not found for ALA at /net/tukwila/ncorley/datahub/MACE-OFF23_medium/A/ALA/ALA.pt
WARNING:atomworks.ml:Cached data not found for ARG at /net/tukwila/ncorley/datahub/MACE-OFF23_medium/A/ARG/ARG.pt
WARNING:atomworks.ml:Cached data not found for ASN at /net/tukwila/ncorley/datahub/MACE-OFF23_medium/A/ASN/ASN.pt
WARNING:atomworks.ml:Cached data not found for ASP at /net/tukwila/ncorley/datahub/MACE-OFF23_medium/A/ASP/ASP.pt
WARNING:atomworks.ml:Cached data not found for CYS at /net/tukwila/ncorley/datahub/MACE-OFF23_medium/C/CYS/CYS.pt
WARNING:atomworks.ml:Cached data not found for GLN at /net/tukwila/ncorley/datahub/MACE-OFF23_medium/G/GLN/GLN.pt
WARNING:atomworks.ml:Cached data not found for GLU at /net/tukwila/ncorley/datahub/MACE-OFF23_medium/G/GLU/GLU.pt
WARNING:atomworks.ml:Cached data not found for GLY at /net/tukwila/ncorley/datahub/MACE-OFF23_medium/G/GLY/GLY.pt
WARNING:atomworks.ml:Cached data not found for HIS at /net/tukwila/ncorley/datahub/MACE-OFF23_medium/H/HIS/HIS.pt
WARNING:atomworks.ml:Cached data not found for ILE at /net/tukwila/ncorley/datahub/MACE-OFF23_medium/I/ILE/ILE.pt
WARNING:atomworks.ml:Cached data not found for LEU at /net/tukwila/ncorley/datahub/MACE-OFF23_medium/L/LEU/LEU.pt
WARNING:atomworks.ml:Cached data not found for LYS at /net/tukwila/ncorley/datahub/MACE-OFF23_medium/L/LYS/LYS.pt
WARNING:atomworks.ml:Cached data not found for MET at /net/tukwila/ncorley/datahub/MACE-OFF23_medium/M/MET/MET.pt
WARNING:atomworks.ml:Cached data not found for PHE at /net/tukwila/ncorley/datahub/MACE-OFF23_medium/P/PHE/PHE.pt
WARNING:atomworks.ml:Cached data not found for PRO at /net/tukwila/ncorley/datahub/MACE-OFF23_medium/P/PRO/PRO.pt
WARNING:atomworks.ml:Cached data not found for SER at /net/tukwila/ncorley/datahub/MACE-OFF23_medium/S/SER/SER.pt
WARNING:atomworks.ml:Cached data not found for THR at /net/tukwila/ncorley/datahub/MACE-OFF23_medium/T/THR/THR.pt
WARNING:atomworks.ml:Cached data not found for TRP at /net/tukwila/ncorley/datahub/MACE-OFF23_medium/T/TRP/TRP.pt
WARNING:atomworks.ml:Cached data not found for TYR at /net/tukwila/ncorley/datahub/MACE-OFF23_medium/T/TYR/TYR.pt
WARNING:atomworks.ml:Cached data not found for VAL at /net/tukwila/ncorley/datahub/MACE-OFF23_medium/V/VAL/VAL.pt
WARNING:atomworks.io:We can't fix formal charges without building from templates, as we need to know the true number of hydrogens bonded to a given atom, not the inferred number. This may lead to occasional inaccuracies after adding inter-residue bonds. To avoid this and fix formal charges, set `add_missing_atoms = True`.
INFO:rfd3.utils.inference:[rank: 0] No ori_token or infer_ori_strategy provided. Setting origin as COM of fixed motif ([ 29.588875  -16.009916   -3.9785779]).
WARNING:atomworks.io:The `extra_fields` argument will be ignored if there is no CIF file input.
WARNING:atomworks.ml:Cached data not found for ALA at /net/tukwila/ncorley/datahub/MACE-OFF23_medium/A/ALA/ALA.pt
WARNING:atomworks.ml:Cached data not found for ARG at /net/tukwila/ncorley/datahub/MACE-OFF23_medium/A/ARG/ARG.pt
WARNING:atomworks.ml:Cached data not found for ASN at /net/tukwila/ncorley/datahub/MACE-OFF23_medium/A/ASN/ASN.pt
WARNING:atomworks.ml:Cached data not found for ASP at /net/tukwila/ncorley/datahub/MACE-OFF23_medium/A/ASP/ASP.pt
WARNING:atomworks.ml:Cached data not found for CYS at /net/tukwila/ncorley/datahub/MACE-OFF23_medium/C/CYS/CYS.pt
WARNING:atomworks.ml:Cached data not found for GLN at /net/tukwila/ncorley/datahub/MACE-OFF23_medium/G/GLN/GLN.pt
WARNING:atomworks.ml:Cached data not found for GLU at /net/tukwila/ncorley/datahub/MACE-OFF23_medium/G/GLU/GLU.pt
WARNING:atomworks.ml:Cached data not found for GLY at /net/tukwila/ncorley/datahub/MACE-OFF23_medium/G/GLY/GLY.pt
WARNING:atomworks.ml:Cached data not found for HIS at /net/tukwila/ncorley/datahub/MACE-OFF23_medium/H/HIS/HIS.pt
WARNING:atomworks.ml:Cached data not found for ILE at /net/tukwila/ncorley/datahub/MACE-OFF23_medium/I/ILE/ILE.pt
WARNING:atomworks.ml:Cached data not found for LEU at /net/tukwila/ncorley/datahub/MACE-OFF23_medium/L/LEU/LEU.pt
WARNING:atomworks.ml:Cached data not found for LYS at /net/tukwila/ncorley/datahub/MACE-OFF23_medium/L/LYS/LYS.pt
WARNING:atomworks.ml:Cached data not found for MET at /net/tukwila/ncorley/datahub/MACE-OFF23_medium/M/MET/MET.pt
WARNING:atomworks.ml:Cached data not found for PHE at /net/tukwila/ncorley/datahub/MACE-OFF23_medium/P/PHE/PHE.pt
WARNING:atomworks.ml:Cached data not found for PRO at /net/tukwila/ncorley/datahub/MACE-OFF23_medium/P/PRO/PRO.pt
WARNING:atomworks.ml:Cached data not found for SER at /net/tukwila/ncorley/datahub/MACE-OFF23_medium/S/SER/SER.pt
WARNING:atomworks.ml:Cached data not found for THR at /net/tukwila/ncorley/datahub/MACE-OFF23_medium/T/THR/THR.pt
WARNING:atomworks.ml:Cached data not found for TRP at /net/tukwila/ncorley/datahub/MACE-OFF23_medium/T/TRP/TRP.pt
WARNING:atomworks.ml:Cached data not found for TYR at /net/tukwila/ncorley/datahub/MACE-OFF23_medium/T/TYR/TYR.pt
WARNING:atomworks.ml:Cached data not found for VAL at /net/tukwila/ncorley/datahub/MACE-OFF23_medium/V/VAL/VAL.pt
WARNING:atomworks.io:We can't fix formal charges without building from templates, as we need to know the true number of hydrogens bonded to a given atom, not the inferred number. This may lead to occasional inaccuracies after adding inter-residue bonds. To avoid this and fix formal charges, set `add_missing_atoms = True`.
INFO:rfd3.utils.inference:[rank: 0] No ori_token or infer_ori_strategy provided. Setting origin as COM of fixed motif ([ 329.589    -196.00993   116.021416]).
WARNING:atomworks.io:The `extra_fields` argument will be ignored if there is no CIF file input.
WARNING:atomworks.ml:Cached data not found for ALA at /net/tukwila/ncorley/datahub/MACE-OFF23_medium/A/ALA/ALA.pt
WARNING:atomworks.ml:Cached data not found for ARG at /net/tukwila/ncorley/datahub/MACE-OFF23_medium/A/ARG/ARG.pt
WARNING:atomworks.ml:Cached data not found for ASN at /net/tukwila/ncorley/datahub/MACE-OFF23_medium/A/ASN/ASN.pt
WARNING:atomworks.ml:Cached data not found for ASP at /net/tukwila/ncorley/datahub/MACE-OFF23_medium/A/ASP/ASP.pt
WARNING:atomworks.ml:Cached data not found for CYS at /net/tukwila/ncorley/datahub/MACE-OFF23_medium/C/CYS/CYS.pt
WARNING:atomworks.ml:Cached data not found for GLN at /net/tukwila/ncorley/datahub/MACE-OFF23_medium/G/GLN/GLN.pt
WARNING:atomworks.ml:Cached data not found for GLU at /net/tukwila/ncorley/datahub/MACE-OFF23_medium/G/GLU/GLU.pt
WARNING:atomworks.ml:Cached data not found for GLY at /net/tukwila/ncorley/datahub/MACE-OFF23_medium/G/GLY/GLY.pt
WARNING:atomworks.ml:Cached data not found for HIS at /net/tukwila/ncorley/datahub/MACE-OFF23_medium/H/HIS/HIS.pt
WARNING:atomworks.ml:Cached data not found for ILE at /net/tukwila/ncorley/datahub/MACE-OFF23_medium/I/ILE/ILE.pt
WARNING:atomworks.ml:Cached data not found for LEU at /net/tukwila/ncorley/datahub/MACE-OFF23_medium/L/LEU/LEU.pt
WARNING:atomworks.ml:Cached data not found for LYS at /net/tukwila/ncorley/datahub/MACE-OFF23_medium/L/LYS/LYS.pt
WARNING:atomworks.ml:Cached data not found for MET at /net/tukwila/ncorley/datahub/MACE-OFF23_medium/M/MET/MET.pt
WARNING:atomworks.ml:Cached data not found for PHE at /net/tukwila/ncorley/datahub/MACE-OFF23_medium/P/PHE/PHE.pt
WARNING:atomworks.ml:Cached data not found for PRO at /net/tukwila/ncorley/datahub/MACE-OFF23_medium/P/PRO/PRO.pt
WARNING:atomworks.ml:Cached data not found for SER at /net/tukwila/ncorley/datahub/MACE-OFF23_medium/S/SER/SER.pt
WARNING:atomworks.ml:Cached data not found for THR at /net/tukwila/ncorley/datahub/MACE-OFF23_medium/T/THR/THR.pt
WARNING:atomworks.ml:Cached data not found for TRP at /net/tukwila/ncorley/datahub/MACE-OFF23_medium/T/TRP/TRP.pt
WARNING:atomworks.ml:Cached data not found for TYR at /net/tukwila/ncorley/datahub/MACE-OFF23_medium/T/TYR/TYR.pt
WARNING:atomworks.ml:Cached data not found for VAL at /net/tukwila/ncorley/datahub/MACE-OFF23_medium/V/VAL/VAL.pt
WARNING:atomworks.io:We can't fix formal charges without building from templates, as we need to know the true number of hydrogens bonded to a given atom, not the inferred number. This may lead to occasional inaccuracies after adding inter-residue bonds. To avoid this and fix formal charges, set `add_missing_atoms = True`.
INFO:rfd3.utils.inference:[rank: 0] Inferred origin using strategy 'com'. Setting origin as [ 9.75719   -5.2794094 -1.3119707].
WARNING:atomworks.io:The `extra_fields` argument will be ignored if there is no CIF file input.
WARNING:atomworks.ml:Cached data not found for ALA at /net/tukwila/ncorley/datahub/MACE-OFF23_medium/A/ALA/ALA.pt
WARNING:atomworks.ml:Cached data not found for ARG at /net/tukwila/ncorley/datahub/MACE-OFF23_medium/A/ARG/ARG.pt
WARNING:atomworks.ml:Cached data not found for ASN at /net/tukwila/ncorley/datahub/MACE-OFF23_medium/A/ASN/ASN.pt
WARNING:atomworks.ml:Cached data not found for ASP at /net/tukwila/ncorley/datahub/MACE-OFF23_medium/A/ASP/ASP.pt
WARNING:atomworks.ml:Cached data not found for CYS at /net/tukwila/ncorley/datahub/MACE-OFF23_medium/C/CYS/CYS.pt
WARNING:atomworks.ml:Cached data not found for GLN at /net/tukwila/ncorley/datahub/MACE-OFF23_medium/G/GLN/GLN.pt
WARNING:atomworks.ml:Cached data not found for GLU at /net/tukwila/ncorley/datahub/MACE-OFF23_medium/G/GLU/GLU.pt
WARNING:atomworks.ml:Cached data not found for GLY at /net/tukwila/ncorley/datahub/MACE-OFF23_medium/G/GLY/GLY.pt
WARNING:atomworks.ml:Cached data not found for HIS at /net/tukwila/ncorley/datahub/MACE-OFF23_medium/H/HIS/HIS.pt
WARNING:atomworks.ml:Cached data not found for ILE at /net/tukwila/ncorley/datahub/MACE-OFF23_medium/I/ILE/ILE.pt
WARNING:atomworks.ml:Cached data not found for LEU at /net/tukwila/ncorley/datahub/MACE-OFF23_medium/L/LEU/LEU.pt
WARNING:atomworks.ml:Cached data not found for LYS at /net/tukwila/ncorley/datahub/MACE-OFF23_medium/L/LYS/LYS.pt
WARNING:atomworks.ml:Cached data not found for MET at /net/tukwila/ncorley/datahub/MACE-OFF23_medium/M/MET/MET.pt
WARNING:atomworks.ml:Cached data not found for PHE at /net/tukwila/ncorley/datahub/MACE-OFF23_medium/P/PHE/PHE.pt
WARNING:atomworks.ml:Cached data not found for PRO at /net/tukwila/ncorley/datahub/MACE-OFF23_medium/P/PRO/PRO.pt
WARNING:atomworks.ml:Cached data not found for SER at /net/tukwila/ncorley/datahub/MACE-OFF23_medium/S/SER/SER.pt
WARNING:atomworks.ml:Cached data not found for THR at /net/tukwila/ncorley/datahub/MACE-OFF23_medium/T/THR/THR.pt
WARNING:atomworks.ml:Cached data not found for TRP at /net/tukwila/ncorley/datahub/MACE-OFF23_medium/T/TRP/TRP.pt
WARNING:atomworks.ml:Cached data not found for TYR at /net/tukwila/ncorley/datahub/MACE-OFF23_medium/T/TYR/TYR.pt
WARNING:atomworks.ml:Cached data not found for VAL at /net/tukwila/ncorley/datahub/MACE-OFF23_medium/V/VAL/VAL.pt
WARNING:atomworks.io:We can't fix formal charges without building from templates, as we need to know the true number of hydrogens bonded to a given atom, not the inferred number. This may lead to occasional inaccuracies after adding inter-residue bonds. To avoid this and fix formal charges, set `add_missing_atoms = True`.
INFO:rfd3.utils.inference:[rank: 0] Inferred origin using strategy 'com'. Setting origin as [108.68484 -64.63598  38.25907].
WARNING:atomworks.io:The `extra_fields` argument will be ignored if there is no CIF file input.
WARNING:atomworks.ml:Cached data not found for ALA at /net/tukwila/ncorley/datahub/MACE-OFF23_medium/A/ALA/ALA.pt
WARNING:atomworks.ml:Cached data not found for ARG at /net/tukwila/ncorley/datahub/MACE-OFF23_medium/A/ARG/ARG.pt
WARNING:atomworks.ml:Cached data not found for ASN at /net/tukwila/ncorley/datahub/MACE-OFF23_medium/A/ASN/ASN.pt
WARNING:atomworks.ml:Cached data not found for ASP at /net/tukwila/ncorley/datahub/MACE-OFF23_medium/A/ASP/ASP.pt
WARNING:atomworks.ml:Cached data not found for CYS at /net/tukwila/ncorley/datahub/MACE-OFF23_medium/C/CYS/CYS.pt
WARNING:atomworks.ml:Cached data not found for GLN at /net/tukwila/ncorley/datahub/MACE-OFF23_medium/G/GLN/GLN.pt
WARNING:atomworks.ml:Cached data not found for GLU at /net/tukwila/ncorley/datahub/MACE-OFF23_medium/G/GLU/GLU.pt
WARNING:atomworks.ml:Cached data not found for GLY at /net/tukwila/ncorley/datahub/MACE-OFF23_medium/G/GLY/GLY.pt
WARNING:atomworks.ml:Cached data not found for HIS at /net/tukwila/ncorley/datahub/MACE-OFF23_medium/H/HIS/HIS.pt
WARNING:atomworks.ml:Cached data not found for ILE at /net/tukwila/ncorley/datahub/MACE-OFF23_medium/I/ILE/ILE.pt
WARNING:atomworks.ml:Cached data not found for LEU at /net/tukwila/ncorley/datahub/MACE-OFF23_medium/L/LEU/LEU.pt
WARNING:atomworks.ml:Cached data not found for LYS at /net/tukwila/ncorley/datahub/MACE-OFF23_medium/L/LYS/LYS.pt
WARNING:atomworks.ml:Cached data not found for MET at /net/tukwila/ncorley/datahub/MACE-OFF23_medium/M/MET/MET.pt
WARNING:atomworks.ml:Cached data not found for PHE at /net/tukwila/ncorley/datahub/MACE-OFF23_medium/P/PHE/PHE.pt
WARNING:atomworks.ml:Cached data not found for PRO at /net/tukwila/ncorley/datahub/MACE-OFF23_medium/P/PRO/PRO.pt
WARNING:atomworks.ml:Cached data not found for SER at /net/tukwila/ncorley/datahub/MACE-OFF23_medium/S/SER/SER.pt
WARNING:atomworks.ml:Cached data not found for THR at /net/tukwila/ncorley/datahub/MACE-OFF23_medium/T/THR/THR.pt
WARNING:atomworks.ml:Cached data not found for TRP at /net/tukwila/ncorley/datahub/MACE-OFF23_medium/T/TRP/TRP.pt
WARNING:atomworks.ml:Cached data not found for TYR at /net/tukwila/ncorley/datahub/MACE-OFF23_medium/T/TYR/TYR.pt
WARNING:atomworks.ml:Cached data not found for VAL at /net/tukwila/ncorley/datahub/MACE-OFF23_medium/V/VAL/VAL.pt
WARNING:atomworks.io:We can't fix formal charges without building from templates, as we need to know the true number of hydrogens bonded to a given atom, not the inferred number. This may lead to occasional inaccuracies after adding inter-residue bonds. To avoid this and fix formal charges, set `add_missing_atoms = True`.
WARNING:atomworks.io:We can't fix formal charges without building from templates, as we need to know the true number of hydrogens bonded to a given atom, not the inferred number. This may lead to occasional inaccuracies after adding inter-residue bonds. To avoid this and fix formal charges, set `add_missing_atoms = True`.
INFO:rfd3.utils.inference:[rank: 0] Received ori_token argument. Setting origin as [ 28.361443 -22.244778  -6.511222].
WARNING:atomworks.io:The `extra_fields` argument will be ignored if there is no CIF file input.
WARNING:atomworks.ml:Cached data not found for ALA at /net/tukwila/ncorley/datahub/MACE-OFF23_medium/A/ALA/ALA.pt
WARNING:atomworks.ml:Cached data not found for ARG at /net/tukwila/ncorley/datahub/MACE-OFF23_medium/A/ARG/ARG.pt
WARNING:atomworks.ml:Cached data not found for ASN at /net/tukwila/ncorley/datahub/MACE-OFF23_medium/A/ASN/ASN.pt
WARNING:atomworks.ml:Cached data not found for ASP at /net/tukwila/ncorley/datahub/MACE-OFF23_medium/A/ASP/ASP.pt
WARNING:atomworks.ml:Cached data not found for CYS at /net/tukwila/ncorley/datahub/MACE-OFF23_medium/C/CYS/CYS.pt
WARNING:atomworks.ml:Cached data not found for GLN at /net/tukwila/ncorley/datahub/MACE-OFF23_medium/G/GLN/GLN.pt
WARNING:atomworks.ml:Cached data not found for GLU at /net/tukwila/ncorley/datahub/MACE-OFF23_medium/G/GLU/GLU.pt
WARNING:atomworks.ml:Cached data not found for GLY at /net/tukwila/ncorley/datahub/MACE-OFF23_medium/G/GLY/GLY.pt
WARNING:atomworks.ml:Cached data not found for HIS at /net/tukwila/ncorley/datahub/MACE-OFF23_medium/H/HIS/HIS.pt
WARNING:atomworks.ml:Cached data not found for ILE at /net/tukwila/ncorley/datahub/MACE-OFF23_medium/I/ILE/ILE.pt
WARNING:atomworks.ml:Cached data not found for LEU at /net/tukwila/ncorley/datahub/MACE-OFF23_medium/L/LEU/LEU.pt
WARNING:atomworks.ml:Cached data not found for LYS at /net/tukwila/ncorley/datahub/MACE-OFF23_medium/L/LYS/LYS.pt
WARNING:atomworks.ml:Cached data not found for MET at /net/tukwila/ncorley/datahub/MACE-OFF23_medium/M/MET/MET.pt
WARNING:atomworks.ml:Cached data not found for PHE at /net/tukwila/ncorley/datahub/MACE-OFF23_medium/P/PHE/PHE.pt
WARNING:atomworks.ml:Cached data not found for PRO at /net/tukwila/ncorley/datahub/MACE-OFF23_medium/P/PRO/PRO.pt
WARNING:atomworks.ml:Cached data not found for SER at /net/tukwila/ncorley/datahub/MACE-OFF23_medium/S/SER/SER.pt
WARNING:atomworks.ml:Cached data not found for THR at /net/tukwila/ncorley/datahub/MACE-OFF23_medium/T/THR/THR.pt
WARNING:atomworks.ml:Cached data not found for TRP at /net/tukwila/ncorley/datahub/MACE-OFF23_medium/T/TRP/TRP.pt
WARNING:atomworks.ml:Cached data not found for TYR at /net/tukwila/ncorley/datahub/MACE-OFF23_medium/T/TYR/TYR.pt
WARNING:atomworks.ml:Cached data not found for VAL at /net/tukwila/ncorley/datahub/MACE-OFF23_medium/V/VAL/VAL.pt
WARNING:atomworks.io:We can't fix formal charges without building from templates, as we need to know the true number of hydrogens bonded to a given atom, not the inferred number. This may lead to occasional inaccuracies after adding inter-residue bonds. To avoid this and fix formal charges, set `add_missing_atoms = True`.
WARNING:atomworks.io:We can't fix formal charges without building from templates, as we need to know the true number of hydrogens bonded to a given atom, not the inferred number. This may lead to occasional inaccuracies after adding inter-residue bonds. To avoid this and fix formal charges, set `add_missing_atoms = True`.
INFO:rfd3.utils.inference:[rank: 0] Received ori_token argument. Setting origin as [ 328.36145 -202.24478  113.48877].
WARNING:atomworks.io:The `extra_fields` argument will be ignored if there is no CIF file input.
WARNING:atomworks.ml:Cached data not found for ALA at /net/tukwila/ncorley/datahub/MACE-OFF23_medium/A/ALA/ALA.pt
WARNING:atomworks.ml:Cached data not found for ARG at /net/tukwila/ncorley/datahub/MACE-OFF23_medium/A/ARG/ARG.pt
WARNING:atomworks.ml:Cached data not found for ASN at /net/tukwila/ncorley/datahub/MACE-OFF23_medium/A/ASN/ASN.pt
WARNING:atomworks.ml:Cached data not found for ASP at /net/tukwila/ncorley/datahub/MACE-OFF23_medium/A/ASP/ASP.pt
WARNING:atomworks.ml:Cached data not found for CYS at /net/tukwila/ncorley/datahub/MACE-OFF23_medium/C/CYS/CYS.pt
WARNING:atomworks.ml:Cached data not found for GLN at /net/tukwila/ncorley/datahub/MACE-OFF23_medium/G/GLN/GLN.pt
WARNING:atomworks.ml:Cached data not found for GLU at /net/tukwila/ncorley/datahub/MACE-OFF23_medium/G/GLU/GLU.pt
WARNING:atomworks.ml:Cached data not found for GLY at /net/tukwila/ncorley/datahub/MACE-OFF23_medium/G/GLY/GLY.pt
WARNING:atomworks.ml:Cached data not found for HIS at /net/tukwila/ncorley/datahub/MACE-OFF23_medium/H/HIS/HIS.pt
WARNING:atomworks.ml:Cached data not found for ILE at /net/tukwila/ncorley/datahub/MACE-OFF23_medium/I/ILE/ILE.pt
WARNING:atomworks.ml:Cached data not found for LEU at /net/tukwila/ncorley/datahub/MACE-OFF23_medium/L/LEU/LEU.pt
WARNING:atomworks.ml:Cached data not found for LYS at /net/tukwila/ncorley/datahub/MACE-OFF23_medium/L/LYS/LYS.pt
WARNING:atomworks.ml:Cached data not found for MET at /net/tukwila/ncorley/datahub/MACE-OFF23_medium/M/MET/MET.pt
WARNING:atomworks.ml:Cached data not found for PHE at /net/tukwila/ncorley/datahub/MACE-OFF23_medium/P/PHE/PHE.pt
WARNING:atomworks.ml:Cached data not found for PRO at /net/tukwila/ncorley/datahub/MACE-OFF23_medium/P/PRO/PRO.pt
WARNING:atomworks.ml:Cached data not found for SER at /net/tukwila/ncorley/datahub/MACE-OFF23_medium/S/SER/SER.pt
WARNING:atomworks.ml:Cached data not found for THR at /net/tukwila/ncorley/datahub/MACE-OFF23_medium/T/THR/THR.pt
WARNING:atomworks.ml:Cached data not found for TRP at /net/tukwila/ncorley/datahub/MACE-OFF23_medium/T/TRP/TRP.pt
WARNING:atomworks.ml:Cached data not found for TYR at /net/tukwila/ncorley/datahub/MACE-OFF23_medium/T/TYR/TYR.pt
WARNING:atomworks.ml:Cached data not found for VAL at /net/tukwila/ncorley/datahub/MACE-OFF23_medium/V/VAL/VAL.pt
WARNING:atomworks.io:We can't fix formal charges without building from templates, as we need to know the true number of hydrogens bonded to a given atom, not the inferred number. This may lead to occasional inaccuracies after adding inter-residue bonds. To avoid this and fix formal charges, set `add_missing_atoms = True`.
INFO:rfd3.inference.input_parsing:[rank: 0] Partial diffusion: centering on diffused-region COM ([ 25.420803 -25.13527   -7.921088]).
WARNING:atomworks.io:The `extra_fields` argument will be ignored if there is no CIF file input.
WARNING:atomworks.ml:Cached data not found for ALA at /net/tukwila/ncorley/datahub/MACE-OFF23_medium/A/ALA/ALA.pt
WARNING:atomworks.ml:Cached data not found for ARG at /net/tukwila/ncorley/datahub/MACE-OFF23_medium/A/ARG/ARG.pt
WARNING:atomworks.ml:Cached data not found for ASN at /net/tukwila/ncorley/datahub/MACE-OFF23_medium/A/ASN/ASN.pt
WARNING:atomworks.ml:Cached data not found for ASP at /net/tukwila/ncorley/datahub/MACE-OFF23_medium/A/ASP/ASP.pt
WARNING:atomworks.ml:Cached data not found for CYS at /net/tukwila/ncorley/datahub/MACE-OFF23_medium/C/CYS/CYS.pt
WARNING:atomworks.ml:Cached data not found for GLN at /net/tukwila/ncorley/datahub/MACE-OFF23_medium/G/GLN/GLN.pt
WARNING:atomworks.ml:Cached data not found for GLU at /net/tukwila/ncorley/datahub/MACE-OFF23_medium/G/GLU/GLU.pt
WARNING:atomworks.ml:Cached data not found for GLY at /net/tukwila/ncorley/datahub/MACE-OFF23_medium/G/GLY/GLY.pt
WARNING:atomworks.ml:Cached data not found for HIS at /net/tukwila/ncorley/datahub/MACE-OFF23_medium/H/HIS/HIS.pt
WARNING:atomworks.ml:Cached data not found for ILE at /net/tukwila/ncorley/datahub/MACE-OFF23_medium/I/ILE/ILE.pt
WARNING:atomworks.ml:Cached data not found for LEU at /net/tukwila/ncorley/datahub/MACE-OFF23_medium/L/LEU/LEU.pt
WARNING:atomworks.ml:Cached data not found for LYS at /net/tukwila/ncorley/datahub/MACE-OFF23_medium/L/LYS/LYS.pt
WARNING:atomworks.ml:Cached data not found for MET at /net/tukwila/ncorley/datahub/MACE-OFF23_medium/M/MET/MET.pt
WARNING:atomworks.ml:Cached data not found for PHE at /net/tukwila/ncorley/datahub/MACE-OFF23_medium/P/PHE/PHE.pt
WARNING:atomworks.ml:Cached data not found for PRO at /net/tukwila/ncorley/datahub/MACE-OFF23_medium/P/PRO/PRO.pt
WARNING:atomworks.ml:Cached data not found for SER at /net/tukwila/ncorley/datahub/MACE-OFF23_medium/S/SER/SER.pt
WARNING:atomworks.ml:Cached data not found for THR at /net/tukwila/ncorley/datahub/MACE-OFF23_medium/T/THR/THR.pt
WARNING:atomworks.ml:Cached data not found for TRP at /net/tukwila/ncorley/datahub/MACE-OFF23_medium/T/TRP/TRP.pt
WARNING:atomworks.ml:Cached data not found for TYR at /net/tukwila/ncorley/datahub/MACE-OFF23_medium/T/TYR/TYR.pt
WARNING:atomworks.ml:Cached data not found for VAL at /net/tukwila/ncorley/datahub/MACE-OFF23_medium/V/VAL/VAL.pt
WARNING:atomworks.io:We can't fix formal charges without building from templates, as we need to know the true number of hydrogens bonded to a given atom, not the inferred number. This may lead to occasional inaccuracies after adding inter-residue bonds. To avoid this and fix formal charges, set `add_missing_atoms = True`.
INFO:rfd3.inference.input_parsing:[rank: 0] Partial diffusion: centering on diffused-region COM ([ 325.42084 -205.13521  112.07889]).
WARNING:atomworks.io:The `extra_fields` argument will be ignored if there is no CIF file input.
WARNING:atomworks.ml:Cached data not found for ALA at /net/tukwila/ncorley/datahub/MACE-OFF23_medium/A/ALA/ALA.pt
WARNING:atomworks.ml:Cached data not found for ARG at /net/tukwila/ncorley/datahub/MACE-OFF23_medium/A/ARG/ARG.pt
WARNING:atomworks.ml:Cached data not found for ASN at /net/tukwila/ncorley/datahub/MACE-OFF23_medium/A/ASN/ASN.pt
WARNING:atomworks.ml:Cached data not found for ASP at /net/tukwila/ncorley/datahub/MACE-OFF23_medium/A/ASP/ASP.pt
WARNING:atomworks.ml:Cached data not found for CYS at /net/tukwila/ncorley/datahub/MACE-OFF23_medium/C/CYS/CYS.pt
WARNING:atomworks.ml:Cached data not found for GLN at /net/tukwila/ncorley/datahub/MACE-OFF23_medium/G/GLN/GLN.pt
WARNING:atomworks.ml:Cached data not found for GLU at /net/tukwila/ncorley/datahub/MACE-OFF23_medium/G/GLU/GLU.pt
WARNING:atomworks.ml:Cached data not found for GLY at /net/tukwila/ncorley/datahub/MACE-OFF23_medium/G/GLY/GLY.pt
WARNING:atomworks.ml:Cached data not found for HIS at /net/tukwila/ncorley/datahub/MACE-OFF23_medium/H/HIS/HIS.pt
WARNING:atomworks.ml:Cached data not found for ILE at /net/tukwila/ncorley/datahub/MACE-OFF23_medium/I/ILE/ILE.pt
WARNING:atomworks.ml:Cached data not found for LEU at /net/tukwila/ncorley/datahub/MACE-OFF23_medium/L/LEU/LEU.pt
WARNING:atomworks.ml:Cached data not found for LYS at /net/tukwila/ncorley/datahub/MACE-OFF23_medium/L/LYS/LYS.pt
WARNING:atomworks.ml:Cached data not found for MET at /net/tukwila/ncorley/datahub/MACE-OFF23_medium/M/MET/MET.pt
WARNING:atomworks.ml:Cached data not found for PHE at /net/tukwila/ncorley/datahub/MACE-OFF23_medium/P/PHE/PHE.pt
WARNING:atomworks.ml:Cached data not found for PRO at /net/tukwila/ncorley/datahub/MACE-OFF23_medium/P/PRO/PRO.pt
WARNING:atomworks.ml:Cached data not found for SER at /net/tukwila/ncorley/datahub/MACE-OFF23_medium/S/SER/SER.pt
WARNING:atomworks.ml:Cached data not found for THR at /net/tukwila/ncorley/datahub/MACE-OFF23_medium/T/THR/THR.pt
WARNING:atomworks.ml:Cached data not found for TRP at /net/tukwila/ncorley/datahub/MACE-OFF23_medium/T/TRP/TRP.pt
WARNING:atomworks.ml:Cached data not found for TYR at /net/tukwila/ncorley/datahub/MACE-OFF23_medium/T/TYR/TYR.pt
WARNING:atomworks.ml:Cached data not found for VAL at /net/tukwila/ncorley/datahub/MACE-OFF23_medium/V/VAL/VAL.pt
[
  {
    "case": "200_default_0",
    "policy": "default",
    "fixed_atoms": 738,
    "unindexed_fixed_atoms": 33,
    "pre_origin_atoms": 1738,
    "origin_xyz": [
      29.589113235473633,
      -16.009830474853516,
      -3.978579521179199
    ],
    "fixed_centroid_norm_a": 1.0056681276182644e-05,
    "motif_centroid_norm_a": 8.119607925415039
  },
  {
    "case": "200_default_1",
    "policy": "default",
    "fixed_atoms": 738,
    "unindexed_fixed_atoms": 33,
    "pre_origin_atoms": 1738,
    "origin_xyz": [
      329.5905456542969,
      -196.0098876953125,
      116.02119445800781
    ],
    "fixed_centroid_norm_a": 0.0001225408777827397,
    "motif_centroid_norm_a": 8.119614601135254
  },
  {
    "case": "200_com_0",
    "policy": "com",
    "fixed_atoms": 738,
    "unindexed_fixed_atoms": 33,
    "pre_origin_atoms": 1738,
    "origin_xyz": [
      12.564128875732422,
      -6.798290252685547,
      -1.689408779144287
    ],
    "fixed_centroid_norm_a": 19.491918563842773,
    "motif_centroid_norm_a": 23.116270065307617
  },
  {
    "case": "200_com_1",
    "policy": "com",
    "fixed_atoms": 738,
    "unindexed_fixed_atoms": 33,
    "pre_origin_atoms": 1738,
    "origin_xyz": [
      139.95265197753906,
      -83.23052978515625,
      49.2656364440918
    ],
    "fixed_centroid_norm_a": 230.5157928466797,
    "motif_centroid_norm_a": 231.76927185058594
  },
  {
    "case": "200_explicit_motif_0",
    "policy": "explicit_motif",
    "fixed_atoms": 738,
    "unindexed_fixed_atoms": 33,
    "pre_origin_atoms": 1738,
    "origin_xyz": [
      28.36134147644043,
      -22.244918823242188,
      -6.511229991912842
    ],
    "fixed_centroid_norm_a": 6.840639114379883,
    "motif_centroid_norm_a": 1.3573949337005615
  },
  {
    "case": "200_explicit_motif_1",
    "policy": "explicit_motif",
    "fixed_atoms": 738,
    "unindexed_fixed_atoms": 33,
    "pre_origin_atoms": 1738,
    "origin_xyz": [
      328.36016845703125,
      -202.24452209472656,
      113.48918151855469
    ],
    "fixed_centroid_norm_a": 6.84064245223999,
    "motif_centroid_norm_a": 1.357388973236084
  },
  {
    "case": "300_default_0",
    "policy": "default",
    "fixed_atoms": 738,
    "unindexed_fixed_atoms": 33,
    "pre_origin_atoms": 2238,
    "origin_xyz": [
      29.589113235473633,
      -16.009830474853516,
      -3.978579521179199
    ],
    "fixed_centroid_norm_a": 1.0056681276182644e-05,
    "motif_centroid_norm_a": 8.119607925415039
  },
  {
    "case": "300_default_1",
    "policy": "default",
    "fixed_atoms": 738,
    "unindexed_fixed_atoms": 33,
    "pre_origin_atoms": 2238,
    "origin_xyz": [
      329.5905456542969,
      -196.0098876953125,
      116.02119445800781
    ],
    "fixed_centroid_norm_a": 0.0001225408777827397,
    "motif_centroid_norm_a": 8.119614601135254
  },
  {
    "case": "300_com_0",
    "policy": "com",
    "fixed_atoms": 738,
    "unindexed_fixed_atoms": 33,
    "pre_origin_atoms": 2238,
    "origin_xyz": [
      9.757219314575195,
      -5.279360294342041,
      -1.3119635581970215
    ],
    "fixed_centroid_norm_a": 22.705732345581055,
    "motif_centroid_norm_a": 26.164270401000977
  },
  {
    "case": "300_com_1",
    "policy": "com",
    "fixed_atoms": 738,
    "unindexed_fixed_atoms": 33,
    "pre_origin_atoms": 2238,
    "origin_xyz": [
      108.68495178222656,
      -64.63639831542969,
      38.259307861328125
    ],
    "fixed_centroid_norm_a": 268.52301025390625,
    "motif_centroid_norm_a": 269.7569580078125
  },
  {
    "case": "300_explicit_motif_0",
    "policy": "explicit_motif",
    "fixed_atoms": 738,
    "unindexed_fixed_atoms": 33,
    "pre_origin_atoms": 2238,
    "origin_xyz": [
      28.36134147644043,
      -22.244918823242188,
      -6.511229991912842
    ],
    "fixed_centroid_norm_a": 6.840639114379883,
    "motif_centroid_norm_a": 1.3573949337005615
  },
  {
    "case": "300_explicit_motif_1",
    "policy": "explicit_motif",
    "fixed_atoms": 738,
    "unindexed_fixed_atoms": 33,
    "pre_origin_atoms": 2238,
    "origin_xyz": [
      328.36016845703125,
      -202.24452209472656,
      113.48918151855469
    ],
    "fixed_centroid_norm_a": 6.84064245223999,
    "motif_centroid_norm_a": 1.357388973236084
  },
  {
    "case": "partial_0",
    "policy": "default",
    "fixed_atoms": 705,
    "unindexed_fixed_atoms": 0,
    "pre_origin_atoms": 818,
    "origin_xyz": [
      25.420799255371094,
      -25.13544464111328,
      -7.921066761016846
    ],
    "fixed_centroid_norm_a": 11.152990341186523,
    "motif_centroid_norm_a": null,
    "partial_real_atoms_preserved": 112,
    "partial_terminal_atoms_omitted": 1
  },
  {
    "case": "partial_1",
    "policy": "default",
    "fixed_atoms": 705,
    "unindexed_fixed_atoms": 0,
    "pre_origin_atoms": 818,
    "origin_xyz": [
      325.4216613769531,
      -205.13490295410156,
      112.07832336425781
    ],
    "fixed_centroid_norm_a": 11.152936935424805,
    "motif_centroid_norm_a": null,
    "partial_real_atoms_preserved": 112,
    "partial_terminal_atoms_omitted": 1
  }
]
RFD3 coordinate centring: 14 real preprocessing cases PASS
Known expanded motif mask allowed for baseline audit only.
