Environment variable PDB_MIRROR_PATH not set. Will not be able to use function requiring this variable. To set it you may:
  (1) add the line 'export VAR_NAME=path/to/variable' to your .bashrc or .zshrc file
  (2) set it in your current shell with 'export VAR_NAME=path/to/variable'
  (3) write it to a .env file in the root of the atomworks.io repository
Matplotlib is building the font cache; this may take a moment.
WARNING:atomworks.io:We can't fix formal charges without building from templates, as we need to know the true number of hydrogens bonded to a given atom, not the inferred number. This may lead to occasional inaccuracies after adding inter-residue bonds. To avoid this and fix formal charges, set `add_missing_atoms = True`.
INFO:rfd3.utils.inference:[rank: 0] No ori_token or infer_ori_strategy provided. Setting origin as COM of fixed motif ([ 29.588875  -16.009916   -3.9785779]).
/Users/thomasfryer/.iproteinstudio/rfd3/.venv/lib/python3.12/site-packages/rfd3/transforms/conditioning_base.py:165: DeprecationWarning: Setting the dtype on a NumPy array has been deprecated in NumPy 2.5.
Instead of changing the dtype on an array x, create a new array with x.view(new_dtype)
  atom_array.get_annotation(annotation).dtype = bool
WARNING:atomworks.io:The `extra_fields` argument will be ignored if there is no CIF file input.
/Users/thomasfryer/.iproteinstudio/rfd3/.venv/lib/python3.12/site-packages/rfd3/transforms/conditioning_base.py:165: DeprecationWarning: Setting the dtype on a NumPy array has been deprecated in NumPy 2.5.
Instead of changing the dtype on an array x, create a new array with x.view(new_dtype)
  atom_array.get_annotation(annotation).dtype = bool
BUILT 1088 ['chain_id', 'res_id', 'ins_code', 'res_name', 'hetero', 'atom_name', 'element', 'is_motif_atom_unindexed', 'is_motif_atom_with_fixed_seq', 'occupancy', 'is_motif_atom_unindexed_motif_breakpoint', 'b_factor', 'src_component', 'is_motif_atom_with_fixed_coord', 'charge', 'pn_unit_iid', 'is_non_loopy', 'is_non_loopy_atom_level', 'ref_plddt', 'label_entity_id', 'is_polymer', 'chain_type', 'pn_unit_id', 'molecule_id', 'chain_entity', 'pn_unit_entity', 'molecule_entity', 'atomic_number', 'chain_iid']
WARNING:atomworks.ml:Cached data not found for ALA at /net/tukwila/ncorley/datahub/MACE-OFF23_medium/A/ALA/ALA.pt
WARNING:atomworks.ml:Cached data not found for ARG at /net/tukwila/ncorley/datahub/MACE-OFF23_medium/A/ARG/ARG.pt
WARNING:atomworks.ml:Cached data not found for ASN at /net/tukwila/ncorley/datahub/MACE-OFF23_medium/A/ASN/ASN.pt
WARNING:atomworks.ml:Cached data not found for ASP at /net/tukwila/ncorley/datahub/MACE-OFF23_medium/A/ASP/ASP.pt
WARNING:atomworks.ml:Cached data not found for CYS at /net/tukwila/ncorley/datahub/MACE-OFF23_medium/C/CYS/CYS.pt
WARNING:atomworks.ml:Cached data not found for GLN at /net/tukwila/ncorley/datahub/MACE-OFF23_medium/G/GLN/GLN.pt
WARNING:atomworks.ml:Cached data not found for GLU at /net/tukwila/ncorley/datahub/MACE-OFF23_medium/G/GLU/GLU.pt
WARNING:atomworks.ml:Cached data not found for GLY at /net/tukwila/ncorley/datahub/MACE-OFF23_medium/G/GLY/GLY.pt
WARNING:atomworks.ml:Cached data not found for HIS at /net/tukwila/ncorley/datahub/MACE-OFF23_medium/H/HIS/HIS.pt
WARNING:atomworks.ml:Cached data not found for ILE at /net/tukwila/ncorley/datahub/MACE-OFF23_medium/I/ILE/ILE.pt
WARNING:atomworks.ml:Cached data not found for LEU at /net/tukwila/ncorley/datahub/MACE-OFF23_medium/L/LEU/LEU.pt
WARNING:atomworks.ml:Cached data not found for LYS at /net/tukwila/ncorley/datahub/MACE-OFF23_medium/L/LYS/LYS.pt
WARNING:atomworks.ml:Cached data not found for MET at /net/tukwila/ncorley/datahub/MACE-OFF23_medium/M/MET/MET.pt
WARNING:atomworks.ml:Cached data not found for PHE at /net/tukwila/ncorley/datahub/MACE-OFF23_medium/P/PHE/PHE.pt
WARNING:atomworks.ml:Cached data not found for PRO at /net/tukwila/ncorley/datahub/MACE-OFF23_medium/P/PRO/PRO.pt
WARNING:atomworks.ml:Cached data not found for SER at /net/tukwila/ncorley/datahub/MACE-OFF23_medium/S/SER/SER.pt
WARNING:atomworks.ml:Cached data not found for THR at /net/tukwila/ncorley/datahub/MACE-OFF23_medium/T/THR/THR.pt
WARNING:atomworks.ml:Cached data not found for TRP at /net/tukwila/ncorley/datahub/MACE-OFF23_medium/T/TRP/TRP.pt
WARNING:atomworks.ml:Cached data not found for TYR at /net/tukwila/ncorley/datahub/MACE-OFF23_medium/T/TYR/TYR.pt
WARNING:atomworks.ml:Cached data not found for VAL at /net/tukwila/ncorley/datahub/MACE-OFF23_medium/V/VAL/VAL.pt
OUT dict_keys(['example_id', 'feats', 't', 'noise', 'ground_truth', 'coord_atom_lvl_to_be_noised', 'sampled_condition_name', 'atom_array', 'specification']) torch.Size([1, 1718, 3])
FEATS dict_keys(['unindexing_pair_mask', 'is_motif_token_unindexed', 'residue_index', 'token_index', 'asym_id', 'entity_id', 'sym_id', 'restype', 'is_protein', 'is_rna', 'is_dna', 'is_ligand', 'terminus_type', 'is_polar', 'ref_atom_name_chars', 'ref_pos', 'ref_mask', 'ref_element', 'ref_charge', 'ref_space_uid', 'ref_pos_is_ground_truth', 'has_zero_occupancy', 'ref_is_motif_atom_with_fixed_coord', 'ref_is_motif_atom_unindexed', 'ref_motif_token_type', 'motif_pos', 'is_backbone', 'is_sidechain', 'is_virtual', 'is_motif_atom_with_fixed_coord', 'is_motif_atom_with_fixed_seq', 'is_motif_atom_unindexed', 'is_motif_token_with_fully_fixed_coord', 'is_central', 'is_ca', 'ref_atomwise_rasa', 'active_donor', 'active_acceptor', 'ref_plddt', 'is_non_loopy', 'is_atom_level_hotspot', 'token_bonds', 'atom_to_token_map'])
