iProteinStudio 0.2.0 (40) unsigned beta
Source: d8e70bedfa8aeff392cdf4c81ef38da3ccf6b6b1 (clean)
==> swift build -c release
Building for production...
[Planning 1 / 67]
[Planning deferred tasks]
[6 / 18] StudioCore
[8 / 19] StudioCore
[11 / 16] iProteinStudio-product
/Users/thomasfryer/iProteinStudio/Sources/iProteinStudio/Views/ActivityCenterView.swift:17:17: warning: cannot use generic class 'Autoconnect' in a property declaration member of a type not marked '@_implementationOnly'; 'Combine' was not imported by this file
 15 |     let projectFilter: Project.ID?
 16 | 
 17 |     private let refreshTimer = Timer.publish(every: 5, on: .main, in: .common).autoconnect()
    |                 `- warning: cannot use generic class 'Autoconnect' in a property declaration member of a type not marked '@_implementationOnly'; 'Combine' was not imported by this file
 18 | 
 19 |     private var records: [StudioRunRecord] {

Combine.Publishers.Autoconnect:2:14: note: generic class declared here
 1 | enum Publishers {
 2 | public class Autoconnect<Upstream> : Publisher where Upstream : ConnectablePublisher {
   |              `- note: generic class declared here
 3 |     public typealias Output = Upstream.Output
 4 |     public typealias Failure = Upstream.Failure

/Users/thomasfryer/iProteinStudio/Sources/iProteinStudio/Views/ActivityCenterView.swift:17:17: warning: cannot use enum 'Publishers' in a property declaration member of a type not marked '@_implementationOnly'; 'Combine' was not imported by thi[13 / 17] iProteinStudio-product
s file
 15 |     let projectFilter: Project.ID?
 16 | 
 17 |     private let refreshTimer = Timer.publish(every: 5, on: .main, in: .common).autoconnect()
    |                 `- warning: cannot use enum 'Publishers' in a property declaration member of a type not marked '@_implementationOnly'; 'Combine' was not imported by this file
 18 | 
 19 |     private var records: [StudioRunRecord] {

Combine.Publishers:2:13: note: enum declared here
1 | @available(macOS 10.15, iOS 13.0, tvOS 13.0, watchOS 6.0, *)
2 | public enum Publishers {
  |             `- note: enum declared here
3 | }
[15 / 17] iProteinStudio-product
[16 / 17] iProteinStudio-product
Build complete! (52.56 sec)
==> assembling build/iProteinStudio.app
build/iProteinStudio.app: replacing existing signature
   ad-hoc signed trusted beta (Sparkle updates require an EdDSA-signed archive)
--prepared:/Users/thomasfryer/iProteinStudio/build/iProteinStudio.app/Contents/Frameworks/Sparkle.framework/Versions/Current/.
--prepared:/Users/thomasfryer/iProteinStudio/build/iProteinStudio.app/Contents/Frameworks/Sparkle.framework/Versions/Current/Autoupdate
--validated:/Users/thomasfryer/iProteinStudio/build/iProteinStudio.app/Contents/Frameworks/Sparkle.framework/Versions/Current/Autoupdate
--prepared:/Users/thomasfryer/iProteinStudio/build/iProteinStudio.app/Contents/Frameworks/Sparkle.framework/Versions/Current/Updater.app
--prepared:/Users/thomasfryer/iProteinStudio/build/iProteinStudio.app/Contents/Frameworks/Sparkle.framework/Versions/Current/XPCServices/Downloader.xpc
--validated:/Users/thomasfryer/iProteinStudio/build/iProteinStudio.app/Contents/Frameworks/Sparkle.framework/Versions/Current/Updater.app
--validated:/Users/thomasfryer/iProteinStudio/build/iProteinStudio.app/Contents/Frameworks/Sparkle.framework/Versions/Current/XPCServices/Downloader.xpc
--prepared:/Users/thomasfryer/iProteinStudio/build/iProteinStudio.app/Contents/Frameworks/Sparkle.framework/Versions/Current/XPCServices/Installer.xpc
--validated:/Users/thomasfryer/iProteinStudio/build/iProteinStudio.app/Contents/Frameworks/Sparkle.framework/Versions/Current/XPCServices/Installer.xpc
--validated:/Users/thomasfryer/iProteinStudio/build/iProteinStudio.app/Contents/Frameworks/Sparkle.framework/Versions/Current/.
build/iProteinStudio.app: valid on disk
build/iProteinStudio.app: satisfies its Designated Requirement
✅ Built build/iProteinStudio.app
   Version: 0.2.0 (40)
   Launch with:  open "build/iProteinStudio.app"
--prepared:/Users/thomasfryer/iProteinStudio/build/iProteinStudio.app/Contents/Frameworks/Sparkle.framework/Versions/Current/.
--prepared:/Users/thomasfryer/iProteinStudio/build/iProteinStudio.app/Contents/Frameworks/Sparkle.framework/Versions/Current/Autoupdate
--validated:/Users/thomasfryer/iProteinStudio/build/iProteinStudio.app/Contents/Frameworks/Sparkle.framework/Versions/Current/Autoupdate
--prepared:/Users/thomasfryer/iProteinStudio/build/iProteinStudio.app/Contents/Frameworks/Sparkle.framework/Versions/Current/Updater.app
--validated:/Users/thomasfryer/iProteinStudio/build/iProteinStudio.app/Contents/Frameworks/Sparkle.framework/Versions/Current/Updater.app
--prepared:/Users/thomasfryer/iProteinStudio/build/iProteinStudio.app/Contents/Frameworks/Sparkle.framework/Versions/Current/XPCServices/Downloader.xpc
--prepared:/Users/thomasfryer/iProteinStudio/build/iProteinStudio.app/Contents/Frameworks/Sparkle.framework/Versions/Current/XPCServices/Installer.xpc
--validated:/Users/thomasfryer/iProteinStudio/build/iProteinStudio.app/Contents/Frameworks/Sparkle.framework/Versions/Current/XPCServices/Downloader.xpc
--validated:/Users/thomasfryer/iProteinStudio/build/iProteinStudio.app/Contents/Frameworks/Sparkle.framework/Versions/Current/XPCServices/Installer.xpc
--validated:/Users/thomasfryer/iProteinStudio/build/iProteinStudio.app/Contents/Frameworks/Sparkle.framework/Versions/Current/.
build/iProteinStudio.app: valid on disk
build/iProteinStudio.app: satisfies its Designated Requirement
PASS packaged SwiftPM resource bundle contract
Wrote 1 new update, updated 0 existing updates, and removed 0 old updates in appcast.xml
Unsigned beta artifacts are ready in build/unsigned-beta-0.2.0-40
The beta appcast contains a Sparkle EdDSA archive signature.
Installation instructions: docs/INSTALL_UNSIGNED_BETA.md
Everything up-to-date
[main 6cc699a] Publish iProteinStudio 0.2.0 trusted beta update feed
 1 file changed, 228 insertions(+)
To https://github.com/t-j-fryer/iProteinStudio.git
   bca6f3d..6cc699a  main -> main
Published v0.2.0-beta; trusted-beta appcast is live on main.
